// Jest Snapshot v1, https://goo.gl/fbAQLP

exports[`Home snapshot home renders correctly with menu closed 1`] = `
ShallowWrapper {
  "complexSelector": ComplexSelector {
    "buildPredicate": [Function],
    "childrenOfNode": [Function],
    "findWhereUnwrapped": [Function],
  },
  "length": 1,
  "node": <Layout
    footerContent={[Function]}
    heroContent={[Function]}
>
    <Unknown>
        <Unknown
            size={2}
        >
            Services
        </Unknown>
        <div
            className=""
            style={
                Object {
                    "display": "flex",
                    "flexWrap": "wrap",
                    "justifyContent": "center",
                  }
            }
        >
            <Unknown>
                Consectetur cillum enim cillum dolor cupidatat pariatur occaecat.
            </Unknown>
            <Unknown>
                Consectetur cillum enim cillum dolor cupidatat pariatur occaecat.
            </Unknown>
            <Unknown>
                Consectetur cillum enim cillum dolor cupidatat pariatur occaecat.
            </Unknown>
        </div>
    </Unknown>
    <Unknown>
        <Unknown
            size={2}
        >
            Technologies
        </Unknown>
        <div
            style={
                Object {
                    "display": "flex",
                    "flexWrap": "wrap",
                    "justifyContent": "center",
                  }
            }
        >
            <Unknown>
                Consectetur cillum enim cillum dolor cupidatat pariatur occaecat.
            </Unknown>
            <Unknown>
                Consectetur cillum enim cillum dolor cupidatat pariatur occaecat.
            </Unknown>
            <Unknown>
                Consectetur cillum enim cillum dolor cupidatat pariatur occaecat.
            </Unknown>
            <Unknown>
                Consectetur cillum enim cillum dolor cupidatat pariatur occaecat.
            </Unknown>
            <Unknown>
                Consectetur cillum enim cillum dolor cupidatat pariatur occaecat.
            </Unknown>
            <Unknown>
                Consectetur cillum enim cillum dolor cupidatat pariatur occaecat.
            </Unknown>
            <Unknown>
                Consectetur cillum enim cillum dolor cupidatat pariatur occaecat.
            </Unknown>
            <Unknown>
                Consectetur cillum enim cillum dolor cupidatat pariatur occaecat.
            </Unknown>
        </div>
    </Unknown>
    <Unknown>
        <Unknown
            size={2}
        >
            Blog Posts
        </Unknown>
        <div
            style={
                Object {
                    "display": "flex",
                    "flexWrap": "wrap",
                    "justifyContent": "center",
                  }
            }
        >
            <Unknown>
                Consectetur cillum enim cillum dolor cupidatat pariatur occaecat.
            </Unknown>
            <Unknown>
                Consectetur cillum enim cillum dolor cupidatat pariatur occaecat.
            </Unknown>
            <Unknown>
                Consectetur cillum enim cillum dolor cupidatat pariatur occaecat.
            </Unknown>
            <Unknown>
                Consectetur cillum enim cillum dolor cupidatat pariatur occaecat.
            </Unknown>
            <Unknown>
                Consectetur cillum enim cillum dolor cupidatat pariatur occaecat.
            </Unknown>
            <Unknown>
                Consectetur cillum enim cillum dolor cupidatat pariatur occaecat.
            </Unknown>
            <Unknown>
                Consectetur cillum enim cillum dolor cupidatat pariatur occaecat.
            </Unknown>
            <Unknown>
                Consectetur cillum enim cillum dolor cupidatat pariatur occaecat.
            </Unknown>
        </div>
    </Unknown>
    <Unknown>
        <Unknown
            size={2}
        >
            Feedback
        </Unknown>
        <div
            style={
                Object {
                    "display": "flex",
                    "flexWrap": "wrap",
                    "justifyContent": "center",
                  }
            }
        >
            <Unknown>
                Consectetur cillum enim cillum dolor cupidatat pariatur occaecat.
            </Unknown>
            <Unknown>
                Consectetur cillum enim cillum dolor cupidatat pariatur occaecat.
            </Unknown>
            <Unknown>
                Consectetur cillum enim cillum dolor cupidatat pariatur occaecat.
            </Unknown>
            <Unknown>
                Consectetur cillum enim cillum dolor cupidatat pariatur occaecat.
            </Unknown>
            <Unknown>
                Consectetur cillum enim cillum dolor cupidatat pariatur occaecat.
            </Unknown>
            <Unknown>
                Consectetur cillum enim cillum dolor cupidatat pariatur occaecat.
            </Unknown>
            <Unknown>
                Consectetur cillum enim cillum dolor cupidatat pariatur occaecat.
            </Unknown>
        </div>
    </Unknown>
    <Unknown>
        <Unknown
            size={2}
        >
            Contact
        </Unknown>
        <div
            className="form-group"
            style={
                Object {
                    "display": "flex",
                    "flexDirection": "column",
                    "justifyContent": "center",
                    "padding": "2rem",
                  }
            }
        >
            <InputField
                name="Name"
                type="text"
            />
            <InputField
                name="Email"
                type="email"
            />
            <InputField
                name="Message"
                type="textarea"
            />
        </div>
    </Unknown>
</Layout>,
  "nodes": Array [
    <Layout
      footerContent={[Function]}
      heroContent={[Function]}
>
      <Unknown>
            <Unknown
                  size={2}
            >
                  Services
            </Unknown>
            <div
                  className=""
                  style={
                        Object {
                              "display": "flex",
                              "flexWrap": "wrap",
                              "justifyContent": "center",
                            }
                  }
            >
                  <Unknown>
                        Consectetur cillum enim cillum dolor cupidatat pariatur occaecat.
                  </Unknown>
                  <Unknown>
                        Consectetur cillum enim cillum dolor cupidatat pariatur occaecat.
                  </Unknown>
                  <Unknown>
                        Consectetur cillum enim cillum dolor cupidatat pariatur occaecat.
                  </Unknown>
            </div>
      </Unknown>
      <Unknown>
            <Unknown
                  size={2}
            >
                  Technologies
            </Unknown>
            <div
                  style={
                        Object {
                              "display": "flex",
                              "flexWrap": "wrap",
                              "justifyContent": "center",
                            }
                  }
            >
                  <Unknown>
                        Consectetur cillum enim cillum dolor cupidatat pariatur occaecat.
                  </Unknown>
                  <Unknown>
                        Consectetur cillum enim cillum dolor cupidatat pariatur occaecat.
                  </Unknown>
                  <Unknown>
                        Consectetur cillum enim cillum dolor cupidatat pariatur occaecat.
                  </Unknown>
                  <Unknown>
                        Consectetur cillum enim cillum dolor cupidatat pariatur occaecat.
                  </Unknown>
                  <Unknown>
                        Consectetur cillum enim cillum dolor cupidatat pariatur occaecat.
                  </Unknown>
                  <Unknown>
                        Consectetur cillum enim cillum dolor cupidatat pariatur occaecat.
                  </Unknown>
                  <Unknown>
                        Consectetur cillum enim cillum dolor cupidatat pariatur occaecat.
                  </Unknown>
                  <Unknown>
                        Consectetur cillum enim cillum dolor cupidatat pariatur occaecat.
                  </Unknown>
            </div>
      </Unknown>
      <Unknown>
            <Unknown
                  size={2}
            >
                  Blog Posts
            </Unknown>
            <div
                  style={
                        Object {
                              "display": "flex",
                              "flexWrap": "wrap",
                              "justifyContent": "center",
                            }
                  }
            >
                  <Unknown>
                        Consectetur cillum enim cillum dolor cupidatat pariatur occaecat.
                  </Unknown>
                  <Unknown>
                        Consectetur cillum enim cillum dolor cupidatat pariatur occaecat.
                  </Unknown>
                  <Unknown>
                        Consectetur cillum enim cillum dolor cupidatat pariatur occaecat.
                  </Unknown>
                  <Unknown>
                        Consectetur cillum enim cillum dolor cupidatat pariatur occaecat.
                  </Unknown>
                  <Unknown>
                        Consectetur cillum enim cillum dolor cupidatat pariatur occaecat.
                  </Unknown>
                  <Unknown>
                        Consectetur cillum enim cillum dolor cupidatat pariatur occaecat.
                  </Unknown>
                  <Unknown>
                        Consectetur cillum enim cillum dolor cupidatat pariatur occaecat.
                  </Unknown>
                  <Unknown>
                        Consectetur cillum enim cillum dolor cupidatat pariatur occaecat.
                  </Unknown>
            </div>
      </Unknown>
      <Unknown>
            <Unknown
                  size={2}
            >
                  Feedback
            </Unknown>
            <div
                  style={
                        Object {
                              "display": "flex",
                              "flexWrap": "wrap",
                              "justifyContent": "center",
                            }
                  }
            >
                  <Unknown>
                        Consectetur cillum enim cillum dolor cupidatat pariatur occaecat.
                  </Unknown>
                  <Unknown>
                        Consectetur cillum enim cillum dolor cupidatat pariatur occaecat.
                  </Unknown>
                  <Unknown>
                        Consectetur cillum enim cillum dolor cupidatat pariatur occaecat.
                  </Unknown>
                  <Unknown>
                        Consectetur cillum enim cillum dolor cupidatat pariatur occaecat.
                  </Unknown>
                  <Unknown>
                        Consectetur cillum enim cillum dolor cupidatat pariatur occaecat.
                  </Unknown>
                  <Unknown>
                        Consectetur cillum enim cillum dolor cupidatat pariatur occaecat.
                  </Unknown>
                  <Unknown>
                        Consectetur cillum enim cillum dolor cupidatat pariatur occaecat.
                  </Unknown>
            </div>
      </Unknown>
      <Unknown>
            <Unknown
                  size={2}
            >
                  Contact
            </Unknown>
            <div
                  className="form-group"
                  style={
                        Object {
                              "display": "flex",
                              "flexDirection": "column",
                              "justifyContent": "center",
                              "padding": "2rem",
                            }
                  }
            >
                  <InputField
                        name="Name"
                        type="text"
                  />
                  <InputField
                        name="Email"
                        type="email"
                  />
                  <InputField
                        name="Message"
                        type="textarea"
                  />
            </div>
      </Unknown>
</Layout>,
  ],
  "options": Object {},
  "renderer": ReactShallowRenderer {
    "_instance": ShallowComponentWrapper {
      "_calledComponentWillUnmount": false,
      "_compositeType": 2,
      "_context": Object {},
      "_currentElement": <Unknown
        links={Object {}}
/>,
      "_debugID": 1,
      "_hostContainerInfo": null,
      "_hostParent": null,
      "_instance": StatelessComponent {
        "_reactInternalInstance": [Circular],
        "context": Object {},
        "props": Object {
          "links": Object {},
        },
        "refs": Object {},
        "state": null,
        "updater": Object {
          "enqueueCallback": [Function],
          "enqueueCallbackInternal": [Function],
          "enqueueElementInternal": [Function],
          "enqueueForceUpdate": [Function],
          "enqueueReplaceState": [Function],
          "enqueueSetState": [Function],
          "isMounted": [Function],
          "validateCallback": [Function],
        },
      },
      "_mountOrder": 1,
      "_pendingCallbacks": null,
      "_pendingElement": null,
      "_pendingForceUpdate": false,
      "_pendingReplaceState": false,
      "_pendingStateQueue": null,
      "_renderedComponent": NoopInternalComponent {
        "_currentElement": <Layout
          footerContent={[Function]}
          heroContent={[Function]}
>
          <Unknown>
                    <Unknown
                              size={2}
                    >
                              Services
                    </Unknown>
                    <div
                              className=""
                              style={
                                        Object {
                                                  "display": "flex",
                                                  "flexWrap": "wrap",
                                                  "justifyContent": "center",
                                                }
                              }
                    >
                              <Unknown>
                                        Consectetur cillum enim cillum dolor cupidatat pariatur occaecat.
                              </Unknown>
                              <Unknown>
                                        Consectetur cillum enim cillum dolor cupidatat pariatur occaecat.
                              </Unknown>
                              <Unknown>
                                        Consectetur cillum enim cillum dolor cupidatat pariatur occaecat.
                              </Unknown>
                    </div>
          </Unknown>
          <Unknown>
                    <Unknown
                              size={2}
                    >
                              Technologies
                    </Unknown>
                    <div
                              style={
                                        Object {
                                                  "display": "flex",
                                                  "flexWrap": "wrap",
                                                  "justifyContent": "center",
                                                }
                              }
                    >
                              <Unknown>
                                        Consectetur cillum enim cillum dolor cupidatat pariatur occaecat.
                              </Unknown>
                              <Unknown>
                                        Consectetur cillum enim cillum dolor cupidatat pariatur occaecat.
                              </Unknown>
                              <Unknown>
                                        Consectetur cillum enim cillum dolor cupidatat pariatur occaecat.
                              </Unknown>
                              <Unknown>
                                        Consectetur cillum enim cillum dolor cupidatat pariatur occaecat.
                              </Unknown>
                              <Unknown>
                                        Consectetur cillum enim cillum dolor cupidatat pariatur occaecat.
                              </Unknown>
                              <Unknown>
                                        Consectetur cillum enim cillum dolor cupidatat pariatur occaecat.
                              </Unknown>
                              <Unknown>
                                        Consectetur cillum enim cillum dolor cupidatat pariatur occaecat.
                              </Unknown>
                              <Unknown>
                                        Consectetur cillum enim cillum dolor cupidatat pariatur occaecat.
                              </Unknown>
                    </div>
          </Unknown>
          <Unknown>
                    <Unknown
                              size={2}
                    >
                              Blog Posts
                    </Unknown>
                    <div
                              style={
                                        Object {
                                                  "display": "flex",
                                                  "flexWrap": "wrap",
                                                  "justifyContent": "center",
                                                }
                              }
                    >
                              <Unknown>
                                        Consectetur cillum enim cillum dolor cupidatat pariatur occaecat.
                              </Unknown>
                              <Unknown>
                                        Consectetur cillum enim cillum dolor cupidatat pariatur occaecat.
                              </Unknown>
                              <Unknown>
                                        Consectetur cillum enim cillum dolor cupidatat pariatur occaecat.
                              </Unknown>
                              <Unknown>
                                        Consectetur cillum enim cillum dolor cupidatat pariatur occaecat.
                              </Unknown>
                              <Unknown>
                                        Consectetur cillum enim cillum dolor cupidatat pariatur occaecat.
                              </Unknown>
                              <Unknown>
                                        Consectetur cillum enim cillum dolor cupidatat pariatur occaecat.
                              </Unknown>
                              <Unknown>
                                        Consectetur cillum enim cillum dolor cupidatat pariatur occaecat.
                              </Unknown>
                              <Unknown>
                                        Consectetur cillum enim cillum dolor cupidatat pariatur occaecat.
                              </Unknown>
                    </div>
          </Unknown>
          <Unknown>
                    <Unknown
                              size={2}
                    >
                              Feedback
                    </Unknown>
                    <div
                              style={
                                        Object {
                                                  "display": "flex",
                                                  "flexWrap": "wrap",
                                                  "justifyContent": "center",
                                                }
                              }
                    >
                              <Unknown>
                                        Consectetur cillum enim cillum dolor cupidatat pariatur occaecat.
                              </Unknown>
                              <Unknown>
                                        Consectetur cillum enim cillum dolor cupidatat pariatur occaecat.
                              </Unknown>
                              <Unknown>
                                        Consectetur cillum enim cillum dolor cupidatat pariatur occaecat.
                              </Unknown>
                              <Unknown>
                                        Consectetur cillum enim cillum dolor cupidatat pariatur occaecat.
                              </Unknown>
                              <Unknown>
                                        Consectetur cillum enim cillum dolor cupidatat pariatur occaecat.
                              </Unknown>
                              <Unknown>
                                        Consectetur cillum enim cillum dolor cupidatat pariatur occaecat.
                              </Unknown>
                              <Unknown>
                                        Consectetur cillum enim cillum dolor cupidatat pariatur occaecat.
                              </Unknown>
                    </div>
          </Unknown>
          <Unknown>
                    <Unknown
                              size={2}
                    >
                              Contact
                    </Unknown>
                    <div
                              className="form-group"
                              style={
                                        Object {
                                                  "display": "flex",
                                                  "flexDirection": "column",
                                                  "justifyContent": "center",
                                                  "padding": "2rem",
                                                }
                              }
                    >
                              <InputField
                                        name="Name"
                                        type="text"
                              />
                              <InputField
                                        name="Email"
                                        type="email"
                              />
                              <InputField
                                        name="Message"
                                        type="textarea"
                              />
                    </div>
          </Unknown>
</Layout>,
        "_debugID": 2,
        "_renderedOutput": <Layout
          footerContent={[Function]}
          heroContent={[Function]}
>
          <Unknown>
                    <Unknown
                              size={2}
                    >
                              Services
                    </Unknown>
                    <div
                              className=""
                              style={
                                        Object {
                                                  "display": "flex",
                                                  "flexWrap": "wrap",
                                                  "justifyContent": "center",
                                                }
                              }
                    >
                              <Unknown>
                                        Consectetur cillum enim cillum dolor cupidatat pariatur occaecat.
                              </Unknown>
                              <Unknown>
                                        Consectetur cillum enim cillum dolor cupidatat pariatur occaecat.
                              </Unknown>
                              <Unknown>
                                        Consectetur cillum enim cillum dolor cupidatat pariatur occaecat.
                              </Unknown>
                    </div>
          </Unknown>
          <Unknown>
                    <Unknown
                              size={2}
                    >
                              Technologies
                    </Unknown>
                    <div
                              style={
                                        Object {
                                                  "display": "flex",
                                                  "flexWrap": "wrap",
                                                  "justifyContent": "center",
                                                }
                              }
                    >
                              <Unknown>
                                        Consectetur cillum enim cillum dolor cupidatat pariatur occaecat.
                              </Unknown>
                              <Unknown>
                                        Consectetur cillum enim cillum dolor cupidatat pariatur occaecat.
                              </Unknown>
                              <Unknown>
                                        Consectetur cillum enim cillum dolor cupidatat pariatur occaecat.
                              </Unknown>
                              <Unknown>
                                        Consectetur cillum enim cillum dolor cupidatat pariatur occaecat.
                              </Unknown>
                              <Unknown>
                                        Consectetur cillum enim cillum dolor cupidatat pariatur occaecat.
                              </Unknown>
                              <Unknown>
                                        Consectetur cillum enim cillum dolor cupidatat pariatur occaecat.
                              </Unknown>
                              <Unknown>
                                        Consectetur cillum enim cillum dolor cupidatat pariatur occaecat.
                              </Unknown>
                              <Unknown>
                                        Consectetur cillum enim cillum dolor cupidatat pariatur occaecat.
                              </Unknown>
                    </div>
          </Unknown>
          <Unknown>
                    <Unknown
                              size={2}
                    >
                              Blog Posts
                    </Unknown>
                    <div
                              style={
                                        Object {
                                                  "display": "flex",
                                                  "flexWrap": "wrap",
                                                  "justifyContent": "center",
                                                }
                              }
                    >
                              <Unknown>
                                        Consectetur cillum enim cillum dolor cupidatat pariatur occaecat.
                              </Unknown>
                              <Unknown>
                                        Consectetur cillum enim cillum dolor cupidatat pariatur occaecat.
                              </Unknown>
                              <Unknown>
                                        Consectetur cillum enim cillum dolor cupidatat pariatur occaecat.
                              </Unknown>
                              <Unknown>
                                        Consectetur cillum enim cillum dolor cupidatat pariatur occaecat.
                              </Unknown>
                              <Unknown>
                                        Consectetur cillum enim cillum dolor cupidatat pariatur occaecat.
                              </Unknown>
                              <Unknown>
                                        Consectetur cillum enim cillum dolor cupidatat pariatur occaecat.
                              </Unknown>
                              <Unknown>
                                        Consectetur cillum enim cillum dolor cupidatat pariatur occaecat.
                              </Unknown>
                              <Unknown>
                                        Consectetur cillum enim cillum dolor cupidatat pariatur occaecat.
                              </Unknown>
                    </div>
          </Unknown>
          <Unknown>
                    <Unknown
                              size={2}
                    >
                              Feedback
                    </Unknown>
                    <div
                              style={
                                        Object {
                                                  "display": "flex",
                                                  "flexWrap": "wrap",
                                                  "justifyContent": "center",
                                                }
                              }
                    >
                              <Unknown>
                                        Consectetur cillum enim cillum dolor cupidatat pariatur occaecat.
                              </Unknown>
                              <Unknown>
                                        Consectetur cillum enim cillum dolor cupidatat pariatur occaecat.
                              </Unknown>
                              <Unknown>
                                        Consectetur cillum enim cillum dolor cupidatat pariatur occaecat.
                              </Unknown>
                              <Unknown>
                                        Consectetur cillum enim cillum dolor cupidatat pariatur occaecat.
                              </Unknown>
                              <Unknown>
                                        Consectetur cillum enim cillum dolor cupidatat pariatur occaecat.
                              </Unknown>
                              <Unknown>
                                        Consectetur cillum enim cillum dolor cupidatat pariatur occaecat.
                              </Unknown>
                              <Unknown>
                                        Consectetur cillum enim cillum dolor cupidatat pariatur occaecat.
                              </Unknown>
                    </div>
          </Unknown>
          <Unknown>
                    <Unknown
                              size={2}
                    >
                              Contact
                    </Unknown>
                    <div
                              className="form-group"
                              style={
                                        Object {
                                                  "display": "flex",
                                                  "flexDirection": "column",
                                                  "justifyContent": "center",
                                                  "padding": "2rem",
                                                }
                              }
                    >
                              <InputField
                                        name="Name"
                                        type="text"
                              />
                              <InputField
                                        name="Email"
                                        type="email"
                              />
                              <InputField
                                        name="Message"
                                        type="textarea"
                              />
                    </div>
          </Unknown>
</Layout>,
      },
      "_renderedNodeType": 1,
      "_rootNodeID": 0,
      "_topLevelWrapper": null,
      "_updateBatchNumber": null,
      "_warnedAboutRefsInRender": false,
    },
    "getRenderOutput": [Function],
    "render": [Function],
  },
  "root": [Circular],
  "unrendered": <Unknown
    links={Object {}}
/>,
}
`;
